Now what?
WARNING: You are using single-threaded workstation garbage collection, which means that parallel programs cannot scale.  Please configure your program to use server garbage collection.
Number of open issues in Project tracker: 1
Please set environment variable FORECASTID.
Please set environment variable FORECASTTOKEN.
