Now what?
Please set environment variable NOWWHAT_GITHUB_TOKEN.
Please set environment variable FORECASTID.
Please set environment variable FORECASTTOKEN.
